Running Gradle task 'assembleRelease'...                        
WARNING: Your app uses the following plugins that apply Kotlin Gradle Plugin (KGP): file_picker, flutter_timezone, jni, record_android, share_plus
Future versions of Flutter will fail to build if your app uses plugins that apply KGP.

Please check the changelogs of these plugins and upgrade to a version that supports Built-in Kotlin.
If no such version exists, report the issue to the plugin. If necessary, here is a guide on filing 
an issue against a plugin: https://docs.flutter.dev/release/breaking-changes/migrate-to-built-in-kotlin/for-app-developers#report-incompatible-kotlin-gradle-plugin-usage-to-plugin-authors

If you are a plugin author, please migrate your plugin to Built-in Kotlin using this guide: https://docs.flutter.dev/release/breaking-changes/migrate-to-built-in-kotlin/for-plugin-authors
Checking the license for package CMake 3.22.1 in /usr/local/lib/android/sdk/licenses
License for package CMake 3.22.1 accepted.
Preparing "Install CMake 3.22.1 v.3.22.1".
"Install CMake 3.22.1 v.3.22.1" ready.
Installing CMake 3.22.1 in /usr/local/lib/android/sdk/cmake/3.22.1
"Install CMake 3.22.1 v.3.22.1" complete.
"Install CMake 3.22.1 v.3.22.1" finished.
Font asset "MaterialIcons-Regular.otf" was tree-shaken, reducing it from 1645184 to 18616 bytes (98.9% reduction). Tree-shaking can be disabled by providing the --no-tree-shake-icons flag when building your app.
/home/runner/work/-CMMS-debug-apk./-CMMS-debug-apk./app/android/app/src/main/java/io/flutter/plugins/GeneratedPluginRegistrant.java:24: error: cannot find symbol
      flutterEngine.getPlugins().add(new com.mr.flutter.plugin.filepicker.FilePickerPlugin());
                                                                         ^
  symbol:   class FilePickerPlugin
  location: package com.mr.flutter.plugin.filepicker
1 error

FAILURE: Build failed with an exception.

* What went wrong:
Execution failed for task ':app:compileReleaseJavaWithJavac'.
> Compilation failed; see the compiler output below.
  /home/runner/work/-CMMS-debug-apk./-CMMS-debug-apk./app/android/app/src/main/java/io/flutter/plugins/GeneratedPluginRegistrant.java:24: error: cannot find symbol
        flutterEngine.getPlugins().add(new com.mr.flutter.plugin.filepicker.FilePickerPlugin());
                                                                           ^
    symbol:   class FilePickerPlugin
    location: package com.mr.flutter.plugin.filepicker
  1 error

* Try:
> Check your code and dependencies to fix the compilation error(s)
> Run with --scan to generate a Build Scan (Powered by Develocity).

BUILD FAILED in 5m 2s
Running Gradle task 'assembleRelease'...                          303.0s
Gradle task assembleRelease failed with exit code 1
